// Jest Snapshot v1, https://goo.gl/fbAQLP

exports[`renders ItemSeparator correctly 1`] = `
<View
  style={
    {
      "backgroundColor": "#ddd",
      "height": 0.5,
    }
  }
/>
`;
